// Jest Snapshot v1, https://jestjs.io/docs/snapshot-testing

exports[`snapshot 1`] = `
{
  "Outputs": {
    "ApiEndpointUrl": {
      "Description": "API Gateway HTTP API endpoint URL",
      "Value": {
        "Fn::GetAtt": [
          "ApiLambdaHttpApi7C050CBF",
          "ApiEndpoint",
        ],
      },
    },
    "AppSyncHttpUrl": {
      "Description": "AppSync Events HTTP Publish endpoint URL",
      "Value": {
        "Fn::Join": [
          "",
          [
            "https://",
            {
              "Fn::GetAtt": [
                "AppSyncApiEventApi221F19CE",
                "Dns.Http",
              ],
            },
          ],
        ],
      },
    },
    "AppSyncRealtimeUrl": {
      "Description": "AppSync Events WebSocket endpoint URL",
      "Value": {
        "Fn::Join": [
          "",
          [
            "wss://",
            {
              "Fn::GetAtt": [
                "AppSyncApiEventApi221F19CE",
                "Dns.Realtime",
              ],
            },
          ],
        ],
      },
    },
    "CloudFrontUrl": {
      "Description": "CloudFront distribution URL",
      "Value": {
        "Fn::Join": [
          "",
          [
            "https://",
            {
              "Fn::GetAtt": [
                "CloudFrontS3Distribution33D25935",
                "DomainName",
              ],
            },
          ],
        ],
      },
    },
    "DynamoDbTableName": {
      "Description": "DynamoDB event table name",
      "Value": {
        "Ref": "DynamoDbTable6E8DC354",
      },
    },
    "SqsDlqArn": {
      "Description": "SQS dead letter queue ARN",
      "Value": {
        "Fn::GetAtt": [
          "SqsQueueDlq1151B914",
          "Arn",
        ],
      },
    },
    "SqsQueueUrl": {
      "Description": "SQS main queue URL",
      "Value": {
        "Ref": "SqsQueueB359A2D7",
      },
    },
    "UserPoolClientId": {
      "Description": "Cognito User Pool Client ID",
      "Value": {
        "Ref": "CognitoUserPoolUserPoolClient1E6BF456",
      },
    },
    "UserPoolId": {
      "Description": "Cognito User Pool ID",
      "Value": {
        "Ref": "CognitoUserPool279BBD48",
      },
    },
  },
  "Parameters": {
    "BootstrapVersion": {
      "Default": "/cdk-bootstrap/hnb659fds/version",
      "Description": "Version of the CDK Bootstrap resources in this environment, automatically retrieved from SSM Parameter Store. [cdk:skip]",
      "Type": "AWS::SSM::Parameter::Value<String>",
    },
  },
  "Resources": {
    "ApiLambdaFunction8FC74655": {
      "DependsOn": [
        "ApiLambdaRoleDefaultPolicyABC51E92",
        "ApiLambdaRole7F72345A",
      ],
      "Properties": {
        "Architectures": [
          "arm64",
        ],
        "Code": {
          "S3Bucket": "dev-realtime-event-storage",
          "S3Key": "artifacts/api/bootstrap.zip",
        },
        "Description": "Receives HTTP requests via API Gateway and publishes events to SQS",
        "Environment": {
          "Variables": {
            "API_SERVICE_NAME": "dev-realtime-event-api",
            "APP_ENV": "dev",
            "APP_PORT": "8080",
            "COGNITO_REGION": {
              "Ref": "AWS::Region",
            },
            "COGNITO_USER_POOL_ID": {
              "Ref": "CognitoUserPool279BBD48",
            },
            "SQS_QUEUE_URL": {
              "Ref": "SqsQueueB359A2D7",
            },
          },
        },
        "FunctionName": "dev-realtime-event-api",
        "Handler": "bootstrap",
        "Layers": [
          "arn:aws:lambda:ap-northeast-1:753240598075:layer:LambdaAdapterLayerArm64:24",
        ],
        "MemorySize": 128,
        "Role": {
          "Fn::GetAtt": [
            "ApiLambdaRole7F72345A",
            "Arn",
          ],
        },
        "Runtime": "provided.al2023",
        "Timeout": 29,
      },
      "Type": "AWS::Lambda::Function",
    },
    "ApiLambdaFunctionLogGroup807A7229": {
      "DeletionPolicy": "Delete",
      "Properties": {
        "LogGroupName": {
          "Fn::Join": [
            "",
            [
              "/aws/lambda/",
              {
                "Ref": "ApiLambdaFunction8FC74655",
              },
            ],
          ],
        },
        "RetentionInDays": 7,
      },
      "Type": "AWS::Logs::LogGroup",
      "UpdateReplacePolicy": "Delete",
    },
    "ApiLambdaHttpApi7C050CBF": {
      "Properties": {
        "Description": "HTTP API for the realtime event delivery platform",
        "Name": "dev-realtime-event-http-api",
        "ProtocolType": "HTTP",
      },
      "Type": "AWS::ApiGatewayV2::Api",
    },
    "ApiLambdaHttpApiDefaultRouteD338B959": {
      "Properties": {
        "ApiId": {
          "Ref": "ApiLambdaHttpApi7C050CBF",
        },
        "AuthorizationType": "NONE",
        "RouteKey": "$default",
        "Target": {
          "Fn::Join": [
            "",
            [
              "integrations/",
              {
                "Ref": "ApiLambdaHttpApiDefaultRouteIntegrationC1482DDF",
              },
            ],
          ],
        },
      },
      "Type": "AWS::ApiGatewayV2::Route",
    },
    "ApiLambdaHttpApiDefaultRouteIntegrationC1482DDF": {
      "Properties": {
        "ApiId": {
          "Ref": "ApiLambdaHttpApi7C050CBF",
        },
        "IntegrationType": "AWS_PROXY",
        "IntegrationUri": {
          "Fn::GetAtt": [
            "ApiLambdaFunction8FC74655",
            "Arn",
          ],
        },
        "PayloadFormatVersion": "2.0",
      },
      "Type": "AWS::ApiGatewayV2::Integration",
    },
    "ApiLambdaHttpApiDefaultRouteIntegrationPermission0078E4AC": {
      "Properties": {
        "Action": "lambda:InvokeFunction",
        "FunctionName": {
          "Fn::GetAtt": [
            "ApiLambdaFunction8FC74655",
            "Arn",
          ],
        },
        "Principal": "apigateway.amazonaws.com",
        "SourceArn": {
          "Fn::Join": [
            "",
            [
              "arn:",
              {
                "Ref": "AWS::Partition",
              },
              ":execute-api:",
              {
                "Ref": "AWS::Region",
              },
              ":",
              {
                "Ref": "AWS::AccountId",
              },
              ":",
              {
                "Ref": "ApiLambdaHttpApi7C050CBF",
              },
              "/*/*",
            ],
          ],
        },
      },
      "Type": "AWS::Lambda::Permission",
    },
    "ApiLambdaHttpApiDefaultStage5899077A": {
      "Properties": {
        "ApiId": {
          "Ref": "ApiLambdaHttpApi7C050CBF",
        },
        "AutoDeploy": true,
        "StageName": "$default",
      },
      "Type": "AWS::ApiGatewayV2::Stage",
    },
    "ApiLambdaRole7F72345A": {
      "Properties": {
        "AssumeRolePolicyDocument": {
          "Statement": [
            {
              "Action": "sts:AssumeRole",
              "Effect": "Allow",
              "Principal": {
                "Service": "lambda.amazonaws.com",
              },
            },
          ],
          "Version": "2012-10-17",
        },
        "ManagedPolicyArns": [
          {
            "Fn::Join": [
              "",
              [
                "arn:",
                {
                  "Ref": "AWS::Partition",
                },
                ":iam::aws:policy/service-role/AWSLambdaBasicExecutionRole",
              ],
            ],
          },
        ],
        "RoleName": "dev-realtime-event-api-lambda-role",
      },
      "Type": "AWS::IAM::Role",
    },
    "ApiLambdaRoleDefaultPolicyABC51E92": {
      "Properties": {
        "PolicyDocument": {
          "Statement": [
            {
              "Action": [
                "sqs:SendMessage",
                "sqs:GetQueueAttributes",
                "sqs:GetQueueUrl",
              ],
              "Effect": "Allow",
              "Resource": {
                "Fn::GetAtt": [
                  "SqsQueueB359A2D7",
                  "Arn",
                ],
              },
            },
          ],
          "Version": "2012-10-17",
        },
        "PolicyName": "ApiLambdaRoleDefaultPolicyABC51E92",
        "Roles": [
          {
            "Ref": "ApiLambdaRole7F72345A",
          },
        ],
      },
      "Type": "AWS::IAM::Policy",
    },
    "AppSyncApiEventApi221F19CE": {
      "Properties": {
        "EventConfig": {
          "AuthProviders": [
            {
              "AuthType": "AWS_LAMBDA",
              "LambdaAuthorizerConfig": {
                "AuthorizerUri": {
                  "Fn::GetAtt": [
                    "AppSyncAuthorizerFunction74F871BC",
                    "Arn",
                  ],
                },
              },
            },
            {
              "AuthType": "AWS_IAM",
            },
          ],
          "ConnectionAuthModes": [
            {
              "AuthType": "AWS_LAMBDA",
            },
          ],
          "DefaultPublishAuthModes": [
            {
              "AuthType": "AWS_IAM",
            },
          ],
          "DefaultSubscribeAuthModes": [
            {
              "AuthType": "AWS_LAMBDA",
            },
          ],
        },
        "Name": "dev-realtime-event-api",
      },
      "Type": "AWS::AppSync::Api",
    },
    "AppSyncApiEventApitickets7904E401": {
      "Properties": {
        "ApiId": {
          "Fn::GetAtt": [
            "AppSyncApiEventApi221F19CE",
            "ApiId",
          ],
        },
        "HandlerConfigs": {},
        "Name": "tickets",
      },
      "Type": "AWS::AppSync::ChannelNamespace",
    },
    "AppSyncAuthorizerFunction74F871BC": {
      "DependsOn": [
        "AppSyncAuthorizerRole581931E4",
      ],
      "Properties": {
        "Architectures": [
          "arm64",
        ],
        "Code": {
          "S3Bucket": "dev-realtime-event-storage",
          "S3Key": "artifacts/authorizer/bootstrap.zip",
        },
        "Description": "AppSync Events Lambda Authorizer — JWT verification and channel path authorization",
        "Environment": {
          "Variables": {
            "COGNITO_USER_POOL_ID": {
              "Ref": "CognitoUserPool279BBD48",
            },
          },
        },
        "FunctionName": "dev-realtime-event-appsync-authorizer",
        "Handler": "bootstrap",
        "MemorySize": 128,
        "Role": {
          "Fn::GetAtt": [
            "AppSyncAuthorizerRole581931E4",
            "Arn",
          ],
        },
        "Runtime": "provided.al2023",
        "Timeout": 5,
      },
      "Type": "AWS::Lambda::Function",
    },
    "AppSyncAuthorizerFunctionEventApiappsyncB9549C19": {
      "Properties": {
        "Action": "lambda:InvokeFunction",
        "FunctionName": {
          "Fn::GetAtt": [
            "AppSyncAuthorizerFunction74F871BC",
            "Arn",
          ],
        },
        "Principal": "appsync.amazonaws.com",
        "SourceArn": {
          "Fn::GetAtt": [
            "AppSyncApiEventApi221F19CE",
            "ApiArn",
          ],
        },
      },
      "Type": "AWS::Lambda::Permission",
    },
    "AppSyncAuthorizerFunctionLogGroup8DDB84D5": {
      "DeletionPolicy": "Delete",
      "Properties": {
        "LogGroupName": {
          "Fn::Join": [
            "",
            [
              "/aws/lambda/",
              {
                "Ref": "AppSyncAuthorizerFunction74F871BC",
              },
            ],
          ],
        },
        "RetentionInDays": 7,
      },
      "Type": "AWS::Logs::LogGroup",
      "UpdateReplacePolicy": "Delete",
    },
    "AppSyncAuthorizerRole581931E4": {
      "Properties": {
        "AssumeRolePolicyDocument": {
          "Statement": [
            {
              "Action": "sts:AssumeRole",
              "Effect": "Allow",
              "Principal": {
                "Service": "lambda.amazonaws.com",
              },
            },
          ],
          "Version": "2012-10-17",
        },
        "ManagedPolicyArns": [
          {
            "Fn::Join": [
              "",
              [
                "arn:",
                {
                  "Ref": "AWS::Partition",
                },
                ":iam::aws:policy/service-role/AWSLambdaBasicExecutionRole",
              ],
            ],
          },
        ],
        "RoleName": "dev-realtime-event-appsync-authorizer-role",
      },
      "Type": "AWS::IAM::Role",
    },
    "CloudFrontS3Bucket73FAB78F": {
      "DeletionPolicy": "Delete",
      "Properties": {
        "BucketName": "dev-realtime-event-frontend",
        "PublicAccessBlockConfiguration": {
          "BlockPublicAcls": true,
          "BlockPublicPolicy": true,
          "IgnorePublicAcls": true,
          "RestrictPublicBuckets": true,
        },
        "Tags": [
          {
            "Key": "aws-cdk:auto-delete-objects",
            "Value": "true",
          },
        ],
      },
      "Type": "AWS::S3::Bucket",
      "UpdateReplacePolicy": "Delete",
    },
    "CloudFrontS3BucketAutoDeleteObjectsCustomResource153647A9": {
      "DeletionPolicy": "Delete",
      "DependsOn": [
        "CloudFrontS3BucketPolicy54FF1FF0",
      ],
      "Properties": {
        "BucketName": {
          "Ref": "CloudFrontS3Bucket73FAB78F",
        },
        "ServiceToken": {
          "Fn::GetAtt": [
            "CustomS3AutoDeleteObjectsCustomResourceProviderHandler9D90184F",
            "Arn",
          ],
        },
      },
      "Type": "Custom::S3AutoDeleteObjects",
      "UpdateReplacePolicy": "Delete",
    },
    "CloudFrontS3BucketPolicy54FF1FF0": {
      "Properties": {
        "Bucket": {
          "Ref": "CloudFrontS3Bucket73FAB78F",
        },
        "PolicyDocument": {
          "Statement": [
            {
              "Action": [
                "s3:PutBucketPolicy",
                "s3:GetBucket*",
                "s3:List*",
                "s3:DeleteObject*",
              ],
              "Effect": "Allow",
              "Principal": {
                "AWS": {
                  "Fn::GetAtt": [
                    "CustomS3AutoDeleteObjectsCustomResourceProviderRole3B1BD092",
                    "Arn",
                  ],
                },
              },
              "Resource": [
                {
                  "Fn::GetAtt": [
                    "CloudFrontS3Bucket73FAB78F",
                    "Arn",
                  ],
                },
                {
                  "Fn::Join": [
                    "",
                    [
                      {
                        "Fn::GetAtt": [
                          "CloudFrontS3Bucket73FAB78F",
                          "Arn",
                        ],
                      },
                      "/*",
                    ],
                  ],
                },
              ],
            },
            {
              "Action": "s3:GetObject",
              "Condition": {
                "StringEquals": {
                  "AWS:SourceArn": {
                    "Fn::Join": [
                      "",
                      [
                        "arn:",
                        {
                          "Ref": "AWS::Partition",
                        },
                        ":cloudfront::",
                        {
                          "Ref": "AWS::AccountId",
                        },
                        ":distribution/",
                        {
                          "Ref": "CloudFrontS3Distribution33D25935",
                        },
                      ],
                    ],
                  },
                },
              },
              "Effect": "Allow",
              "Principal": {
                "Service": "cloudfront.amazonaws.com",
              },
              "Resource": {
                "Fn::Join": [
                  "",
                  [
                    {
                      "Fn::GetAtt": [
                        "CloudFrontS3Bucket73FAB78F",
                        "Arn",
                      ],
                    },
                    "/*",
                  ],
                ],
              },
            },
          ],
          "Version": "2012-10-17",
        },
      },
      "Type": "AWS::S3::BucketPolicy",
    },
    "CloudFrontS3Distribution33D25935": {
      "Properties": {
        "DistributionConfig": {
          "CustomErrorResponses": [
            {
              "ErrorCode": 403,
              "ResponseCode": 200,
              "ResponsePagePath": "/index.html",
            },
          ],
          "DefaultCacheBehavior": {
            "CachePolicyId": "658327ea-f89d-4fab-a63d-7e88639e58f6",
            "Compress": true,
            "TargetOriginId": "TestStackCloudFrontS3DistributionOrigin1034CEE19",
            "ViewerProtocolPolicy": "redirect-to-https",
          },
          "DefaultRootObject": "index.html",
          "Enabled": true,
          "HttpVersion": "http2",
          "IPV6Enabled": true,
          "Origins": [
            {
              "DomainName": {
                "Fn::GetAtt": [
                  "CloudFrontS3Bucket73FAB78F",
                  "RegionalDomainName",
                ],
              },
              "Id": "TestStackCloudFrontS3DistributionOrigin1034CEE19",
              "OriginAccessControlId": {
                "Fn::GetAtt": [
                  "CloudFrontS3DistributionOrigin1S3OriginAccessControlEC9108D6",
                  "Id",
                ],
              },
              "S3OriginConfig": {
                "OriginAccessIdentity": "",
              },
            },
          ],
        },
      },
      "Type": "AWS::CloudFront::Distribution",
    },
    "CloudFrontS3DistributionOrigin1S3OriginAccessControlEC9108D6": {
      "Properties": {
        "OriginAccessControlConfig": {
          "Name": "TestStackCloudFrontS3DistribOrigin1S3OriginAccessControlEC135EE4",
          "OriginAccessControlOriginType": "s3",
          "SigningBehavior": "always",
          "SigningProtocol": "sigv4",
        },
      },
      "Type": "AWS::CloudFront::OriginAccessControl",
    },
    "CognitoUserPool279BBD48": {
      "DeletionPolicy": "Delete",
      "Properties": {
        "AccountRecoverySetting": {
          "RecoveryMechanisms": [
            {
              "Name": "verified_email",
              "Priority": 1,
            },
          ],
        },
        "AdminCreateUserConfig": {
          "AllowAdminCreateUserOnly": false,
        },
        "AutoVerifiedAttributes": [
          "email",
        ],
        "EmailVerificationMessage": "The verification code to your new account is {####}",
        "EmailVerificationSubject": "Verify your new account",
        "Policies": {
          "PasswordPolicy": {
            "MinimumLength": 12,
            "RequireLowercase": true,
            "RequireNumbers": true,
            "RequireSymbols": true,
            "RequireUppercase": true,
          },
        },
        "Schema": [
          {
            "AttributeDataType": "String",
            "Name": "tenantId",
            "StringAttributeConstraints": {
              "MaxLength": "4",
              "MinLength": "4",
            },
          },
        ],
        "SmsVerificationMessage": "The verification code to your new account is {####}",
        "UserPoolName": "dev-realtime-event-user-pool",
        "UsernameAttributes": [
          "email",
        ],
        "UsernameConfiguration": {
          "CaseSensitive": false,
        },
        "VerificationMessageTemplate": {
          "DefaultEmailOption": "CONFIRM_WITH_CODE",
          "EmailMessage": "The verification code to your new account is {####}",
          "EmailSubject": "Verify your new account",
          "SmsMessage": "The verification code to your new account is {####}",
        },
      },
      "Type": "AWS::Cognito::UserPool",
      "UpdateReplacePolicy": "Delete",
    },
    "CognitoUserPoolUserPoolClient1E6BF456": {
      "Properties": {
        "AllowedOAuthFlows": [
          "implicit",
          "code",
        ],
        "AllowedOAuthFlowsUserPoolClient": true,
        "AllowedOAuthScopes": [
          "profile",
          "phone",
          "email",
          "openid",
          "aws.cognito.signin.user.admin",
        ],
        "CallbackURLs": [
          "https://example.com",
        ],
        "ClientName": "dev-realtime-event-user-pool-client",
        "ExplicitAuthFlows": [
          "ALLOW_USER_SRP_AUTH",
          "ALLOW_REFRESH_TOKEN_AUTH",
        ],
        "PreventUserExistenceErrors": "ENABLED",
        "SupportedIdentityProviders": [
          "COGNITO",
        ],
        "UserPoolId": {
          "Ref": "CognitoUserPool279BBD48",
        },
        "WriteAttributes": [
          "email",
        ],
      },
      "Type": "AWS::Cognito::UserPoolClient",
    },
    "CustomS3AutoDeleteObjectsCustomResourceProviderHandler9D90184F": {
      "DependsOn": [
        "CustomS3AutoDeleteObjectsCustomResourceProviderRole3B1BD092",
      ],
      "Properties": {
        "Code": {
          "S3Bucket": {
            "Fn::Sub": "cdk-hnb659fds-assets-\${AWS::AccountId}-\${AWS::Region}",
          },
          "S3Key": "faa95a81ae7d7373f3e1f242268f904eb748d8d0fdd306e8a6fe515a1905a7d6.zip",
        },
        "Description": {
          "Fn::Join": [
            "",
            [
              "Lambda function for auto-deleting objects in ",
              {
                "Ref": "CloudFrontS3Bucket73FAB78F",
              },
              " S3 bucket.",
            ],
          ],
        },
        "Handler": "index.handler",
        "MemorySize": 128,
        "Role": {
          "Fn::GetAtt": [
            "CustomS3AutoDeleteObjectsCustomResourceProviderRole3B1BD092",
            "Arn",
          ],
        },
        "Runtime": "nodejs22.x",
        "Timeout": 900,
      },
      "Type": "AWS::Lambda::Function",
    },
    "CustomS3AutoDeleteObjectsCustomResourceProviderRole3B1BD092": {
      "Properties": {
        "AssumeRolePolicyDocument": {
          "Statement": [
            {
              "Action": "sts:AssumeRole",
              "Effect": "Allow",
              "Principal": {
                "Service": "lambda.amazonaws.com",
              },
            },
          ],
          "Version": "2012-10-17",
        },
        "ManagedPolicyArns": [
          {
            "Fn::Sub": "arn:\${AWS::Partition}:iam::aws:policy/service-role/AWSLambdaBasicExecutionRole",
          },
        ],
      },
      "Type": "AWS::IAM::Role",
    },
    "DynamoDbTable6E8DC354": {
      "DeletionPolicy": "Delete",
      "Properties": {
        "AttributeDefinitions": [
          {
            "AttributeName": "pk",
            "AttributeType": "S",
          },
          {
            "AttributeName": "sk",
            "AttributeType": "S",
          },
        ],
        "BillingMode": "PAY_PER_REQUEST",
        "KeySchema": [
          {
            "AttributeName": "pk",
            "KeyType": "HASH",
          },
          {
            "AttributeName": "sk",
            "KeyType": "RANGE",
          },
        ],
        "TableName": "dev-realtime-event-table",
      },
      "Type": "AWS::DynamoDB::Table",
      "UpdateReplacePolicy": "Delete",
    },
    "EventLambdaFunction39988493": {
      "DependsOn": [
        "EventLambdaRoleDefaultPolicy20B3E462",
        "EventLambdaRole47425437",
      ],
      "Properties": {
        "Architectures": [
          "arm64",
        ],
        "Code": {
          "S3Bucket": "dev-realtime-event-storage",
          "S3Key": "artifacts/event/bootstrap.zip",
        },
        "Description": "Consumes SQS events, writes to DynamoDB, and publishes to AppSync",
        "Environment": {
          "Variables": {
            "APPSYNC_CHANNEL": "tickets/orders",
            "APPSYNC_ENDPOINT": {
              "Fn::Join": [
                "",
                [
                  "https://",
                  {
                    "Fn::GetAtt": [
                      "AppSyncApiEventApi221F19CE",
                      "Dns.Http",
                    ],
                  },
                ],
              ],
            },
            "APP_ENV": "dev",
            "DYNAMODB_TABLE_NAME": {
              "Ref": "DynamoDbTable6E8DC354",
            },
            "EVENT_SERVICE_NAME": "dev-realtime-event-event",
          },
        },
        "FunctionName": "dev-realtime-event-event",
        "Handler": "bootstrap",
        "MemorySize": 128,
        "Role": {
          "Fn::GetAtt": [
            "EventLambdaRole47425437",
            "Arn",
          ],
        },
        "Runtime": "provided.al2023",
        "Timeout": 25,
      },
      "Type": "AWS::Lambda::Function",
    },
    "EventLambdaFunctionLogGroup837239B8": {
      "DeletionPolicy": "Delete",
      "Properties": {
        "LogGroupName": {
          "Fn::Join": [
            "",
            [
              "/aws/lambda/",
              {
                "Ref": "EventLambdaFunction39988493",
              },
            ],
          ],
        },
        "RetentionInDays": 7,
      },
      "Type": "AWS::Logs::LogGroup",
      "UpdateReplacePolicy": "Delete",
    },
    "EventLambdaFunctionSqsEventSourceTestStackSqsQueue62C47C6C9F949501": {
      "Properties": {
        "EventSourceArn": {
          "Fn::GetAtt": [
            "SqsQueueB359A2D7",
            "Arn",
          ],
        },
        "FunctionName": {
          "Ref": "EventLambdaFunction39988493",
        },
        "FunctionResponseTypes": [
          "ReportBatchItemFailures",
        ],
      },
      "Type": "AWS::Lambda::EventSourceMapping",
    },
    "EventLambdaRole47425437": {
      "Properties": {
        "AssumeRolePolicyDocument": {
          "Statement": [
            {
              "Action": "sts:AssumeRole",
              "Effect": "Allow",
              "Principal": {
                "Service": "lambda.amazonaws.com",
              },
            },
          ],
          "Version": "2012-10-17",
        },
        "ManagedPolicyArns": [
          {
            "Fn::Join": [
              "",
              [
                "arn:",
                {
                  "Ref": "AWS::Partition",
                },
                ":iam::aws:policy/service-role/AWSLambdaBasicExecutionRole",
              ],
            ],
          },
        ],
        "RoleName": "dev-realtime-event-event-lambda-role",
      },
      "Type": "AWS::IAM::Role",
    },
    "EventLambdaRoleDefaultPolicy20B3E462": {
      "Properties": {
        "PolicyDocument": {
          "Statement": [
            {
              "Action": [
                "dynamodb:BatchWriteItem",
                "dynamodb:PutItem",
                "dynamodb:UpdateItem",
                "dynamodb:DeleteItem",
                "dynamodb:DescribeTable",
              ],
              "Effect": "Allow",
              "Resource": [
                {
                  "Fn::GetAtt": [
                    "DynamoDbTable6E8DC354",
                    "Arn",
                  ],
                },
              ],
            },
            {
              "Action": [
                "sqs:ReceiveMessage",
                "sqs:ChangeMessageVisibility",
                "sqs:GetQueueUrl",
                "sqs:DeleteMessage",
                "sqs:GetQueueAttributes",
              ],
              "Effect": "Allow",
              "Resource": {
                "Fn::GetAtt": [
                  "SqsQueueB359A2D7",
                  "Arn",
                ],
              },
            },
            {
              "Action": "appsync:EventPublish",
              "Effect": "Allow",
              "Resource": {
                "Fn::Join": [
                  "",
                  [
                    "arn:",
                    {
                      "Ref": "AWS::Partition",
                    },
                    ":appsync:",
                    {
                      "Ref": "AWS::Region",
                    },
                    ":",
                    {
                      "Ref": "AWS::AccountId",
                    },
                    ":apis/",
                    {
                      "Fn::GetAtt": [
                        "AppSyncApiEventApi221F19CE",
                        "ApiId",
                      ],
                    },
                    "/channelNamespace/*",
                  ],
                ],
              },
            },
          ],
          "Version": "2012-10-17",
        },
        "PolicyName": "EventLambdaRoleDefaultPolicy20B3E462",
        "Roles": [
          {
            "Ref": "EventLambdaRole47425437",
          },
        ],
      },
      "Type": "AWS::IAM::Policy",
    },
    "SqsQueueB359A2D7": {
      "DeletionPolicy": "Delete",
      "Properties": {
        "MessageRetentionPeriod": 259200,
        "QueueName": "dev-realtime-event-queue",
        "RedrivePolicy": {
          "deadLetterTargetArn": {
            "Fn::GetAtt": [
              "SqsQueueDlq1151B914",
              "Arn",
            ],
          },
          "maxReceiveCount": 3,
        },
        "VisibilityTimeout": 30,
      },
      "Type": "AWS::SQS::Queue",
      "UpdateReplacePolicy": "Delete",
    },
    "SqsQueueDlq1151B914": {
      "DeletionPolicy": "Delete",
      "Properties": {
        "MessageRetentionPeriod": 604800,
        "QueueName": "dev-realtime-event-dlq",
      },
      "Type": "AWS::SQS::Queue",
      "UpdateReplacePolicy": "Delete",
    },
  },
  "Rules": {
    "CheckBootstrapVersion": {
      "Assertions": [
        {
          "Assert": {
            "Fn::Not": [
              {
                "Fn::Contains": [
                  [
                    "1",
                    "2",
                    "3",
                    "4",
                    "5",
                  ],
                  {
                    "Ref": "BootstrapVersion",
                  },
                ],
              },
            ],
          },
          "AssertDescription": "CDK bootstrap stack version 6 required. Please run 'cdk bootstrap' with a recent version of the CDK CLI.",
        },
      ],
    },
  },
}
`;
